// Jest Snapshot v1, https://goo.gl/fbAQLP

exports[`renders correctly 1`] = `
<button
  className="btn"
  onClick={[Function]}
  type="button"
>
  name
</button>
`;
